******************************************************************************
            TI ARM Clang Linker PC v4.0.0                      
******************************************************************************
>> Linked Sat Apr 19 15:20:17 2025

OUTPUT FILE NAME:   <01_RF_Amplifier.out>
ENTRY POINT SYMBOL: "_c_int00_noargs"  address: 00000c45


MEMORY CONFIGURATION

         name            origin    length      used     unused   attr    fill
----------------------  --------  ---------  --------  --------  ----  --------
  FLASH                 00000000   00020000  00000e28  0001f1d8  R  X
  SRAM                  20200000   00008000  0000040a  00007bf6  RW X
  BCR_CONFIG            41c00000   000000ff  00000000  000000ff  R   
  BSL_CONFIG            41c00100   00000080  00000000  00000080  R   


SEGMENT ALLOCATION MAP

run origin  load origin   length   init length attrs members
----------  ----------- ---------- ----------- ----- -------
00000000    00000000    00000e28   00000e28    r-x
  00000000    00000000    000000c0   000000c0    r-- .intvecs
  000000c0    000000c0    00000cd8   00000cd8    r-x .text
  00000d98    00000d98    00000060   00000060    r-- .rodata
  00000df8    00000df8    00000030   00000030    r-- .cinit
20200000    20200000    0000020c   00000000    rw-
  20200000    20200000    000001fa   00000000    rw- .bss
  202001fc    202001fc    00000010   00000000    rw- .data
20207e00    20207e00    00000200   00000000    rw-
  20207e00    20207e00    00000200   00000000    rw- .stack


SECTION ALLOCATION MAP

 output                                  attributes/
section   page    origin      length       input sections
--------  ----  ----------  ----------   ----------------
.intvecs   0    00000000    000000c0     
                  00000000    000000c0     startup_mspm0g350x_ticlang.o (.intvecs)

.text      0    000000c0    00000cd8     
                  000000c0    00000284     libc.a : _printfi.c.obj (.text:__TI_printfi_minimal)
                  00000344    00000164     RF_Amplifier.o (.text.main)
                  000004a8    000000e4     libclang_rt.builtins.a : muldf3.S.obj (.text.__muldf3)
                  0000058c    000000ac     BTN.o (.text.BTN_getData)
                  00000638    0000009a     libc.a : memcpy16.S.obj (.text:memcpy)
                  000006d2    00000002     startup_mspm0g350x_ticlang.o (.text.Default_Handler)
                  000006d4    00000088     driverlib.a : dl_dac12.o (.text.DL_DAC12_init)
                  0000075c    0000007c     libc.a : copy_decompress_lzss.c.obj (.text:decompress:lzss)
                  000007d8    00000074     tjc_usart_hmi.o (.text.tjc_send_string)
                  0000084c    00000070     ti_msp_dl_config.o (.text.SYSCFG_DL_UART_0_init)
                  000008bc    0000006c     Tick.o (.text.SysTick_Handler)
                  00000928    00000062     libc.a : memset16.S.obj (.text:memset)
                  0000098a    00000002     libclang_rt.builtins.a : aeabi_div0.c.obj (.text.__aeabi_idiv0)
                  0000098c    00000048     driverlib.a : dl_uart.o (.text.DL_UART_init)
                  000009d4    00000042     libclang_rt.builtins.a : fixunsdfsi.S.obj (.text.__fixunsdfsi)
                  00000a16    00000002     --HOLE-- [fill = 0]
                  00000a18    00000040     ti_msp_dl_config.o (.text.SYSCFG_DL_SYSCTL_init)
                  00000a58    00000040     ti_msp_dl_config.o (.text.SYSCFG_DL_initPower)
                  00000a98    00000040     libclang_rt.builtins.a : aeabi_uidivmod.S.obj (.text.__aeabi_uidivmod)
                  00000ad8    0000003c     ti_msp_dl_config.o (.text.SYSCFG_DL_GPIO_init)
                  00000b14    0000003c     libc.a : autoinit.c.obj (.text:__TI_auto_init_nobinit_nopinit)
                  00000b50    0000003a     libclang_rt.builtins.a : muldsi3.S.obj (.text.__muldsi3)
                  00000b8a    00000002     --HOLE-- [fill = 0]
                  00000b8c    00000038     libc.a : sprintf.c.obj (.text.sprintf)
                  00000bc4    00000030     ti_msp_dl_config.o (.text.SYSCFG_DL_SYSTICK_init)
                  00000bf4    00000028     RF_Amplifier.o (.text.UART2_IRQHandler)
                  00000c1c    00000028     tjc_usart_hmi.o (.text.writeRingBuff)
                  00000c44    00000028     libc.a : boot_cortex_m.c.obj (.text:_c_int00_noargs)
                  00000c6c    00000024     ti_msp_dl_config.o (.text.SYSCFG_DL_DAC12_init)
                  00000c90    00000024     libclang_rt.builtins.a : floatunsidf.S.obj (.text.__floatunsidf)
                  00000cb4    00000022     libc.a : memccpy.c.obj (.text.memccpy)
                  00000cd6    0000001c     ti_msp_dl_config.o (.text.SYSCFG_DL_init)
                  00000cf2    00000018     libc.a : sprintf.c.obj (.text._outs)
                  00000d0a    00000016            : copy_zero_init.c.obj (.text:decompress:ZI:__TI_zero_init_nomemset)
                  00000d20    00000012     driverlib.a : dl_uart.o (.text.DL_UART_setClockConfig)
                  00000d32    00000012     libc.a : copy_decompress_none.c.obj (.text:decompress:none)
                  00000d44    0000000e     libclang_rt.builtins.a : aeabi_memset.S.obj (.text.__aeabi_memset)
                  00000d52    0000000e     libc.a : _printfi.c.obj (.text.strlen)
                  00000d60    0000000c     libclang_rt.builtins.a : aeabi_memset.S.obj (.text.__aeabi_memclr)
                  00000d6c    0000000a     driverlib.a : dl_common.o (.text.DL_Common_delayCycles)
                  00000d76    0000000a     libc.a : sprintf.c.obj (.text._outc)
                  00000d80    00000008     libclang_rt.builtins.a : aeabi_memcpy.S.obj (.text.__aeabi_memcpy)
                  00000d88    00000004     startup_mspm0g350x_ticlang.o (.text.Reset_Handler)
                  00000d8c    00000004     libc.a : pre_init.c.obj (.text._system_pre_init)
                  00000d90    00000004            : exit.c.obj (.text:abort)
                  00000d94    00000004     --HOLE-- [fill = 0]

.cinit     0    00000df8    00000030     
                  00000df8    0000000c     (__TI_handler_table)
                  00000e04    00000008     (.cinit..bss.load) [load image, compression = zero_init]
                  00000e0c    00000007     (.cinit..data.load) [load image, compression = lzss]
                  00000e13    00000001     --HOLE-- [fill = 0]
                  00000e14    00000010     (__TI_cinit_table)
                  00000e24    00000004     --HOLE-- [fill = 0]

.rodata    0    00000d98    00000060     
                  00000d98    00000020     ti_msp_dl_config.o (.rodata.gDAC12Config)
                  00000db8    00000011     libc.a : _printfi.c.obj (.rodata.str1.153638888446227384661)
                  00000dc9    00000010     RF_Amplifier.o (.rodata.str1.26350000814348619951)
                  00000dd9    0000000f     RF_Amplifier.o (.rodata.str1.172517695107454489781)
                  00000de8    0000000a     ti_msp_dl_config.o (.rodata.gUART_0Config)
                  00000df2    00000002     ti_msp_dl_config.o (.rodata.gUART_0ClockConfig)
                  00000df4    00000004     --HOLE-- [fill = 0]

.init_array 
*          0    00000000    00000000     UNINITIALIZED

.binit     0    00000000    00000000     

.bss       0    20200000    000001fa     UNINITIALIZED
                  20200000    000001fa     (.common:ringBuff)

.data      0    202001fc    00000010     UNINITIALIZED
                  202001fc    0000000a     BTN.o (.data.BTNTick)
                  20200206    00000001     RF_Amplifier.o (.data.uart_data)
                  20200207    00000001     --HOLE--
                  20200208    00000004     Tick.o (.data.Tick)

.stack     0    20207e00    00000200     UNINITIALIZED
                  20207e00    00000004     libc.a : boot_cortex_m.c.obj (.stack)
                  20207e04    000001fc     --HOLE--

__llvm_prf_cnts 
*          0    20200000    00000000     UNINITIALIZED

__llvm_prf_bits 
*          0    20200000    00000000     UNINITIALIZED

MODULE SUMMARY

       Module                         code   ro data   rw data
       ------                         ----   -------   -------
    .\
       ti_msp_dl_config.o             412    44        0      
       RF_Amplifier.o                 396    31        1      
       startup_mspm0g350x_ticlang.o   6      192       0      
    +--+------------------------------+------+---------+---------+
       Total:                         814    267       1      
                                                              
    .\HARDWARE\BTN\
       BTN.o                          172    0         10     
    +--+------------------------------+------+---------+---------+
       Total:                         172    0         10     
                                                              
    .\HARDWARE\LCD\
       tjc_usart_hmi.o                156    0         506    
    +--+------------------------------+------+---------+---------+
       Total:                         156    0         506    
                                                              
    .\HARDWARE\TICK\
       Tick.o                         108    0         4      
    +--+------------------------------+------+---------+---------+
       Total:                         108    0         4      
                                                              
    E:/ti/SDK/mspm0_sdk_2_04_00_06/source/ti/driverlib/lib/ticlang/m0p/mspm0g1x0x_g3x0x/driverlib.a
       dl_dac12.o                     136    0         0      
       dl_uart.o                      90     0         0      
       dl_common.o                    10     0         0      
    +--+------------------------------+------+---------+---------+
       Total:                         236    0         0      
                                                              
    E:\ti\ccstheia151\ccs\tools\compiler\ti-cgt-armllvm_4.0.0.LTS\lib\armv6m-ti-none-eabi/c/libc.a
       _printfi.c.obj                 658    17        0      
       memcpy16.S.obj                 154    0         0      
       copy_decompress_lzss.c.obj     124    0         0      
       memset16.S.obj                 98     0         0      
       sprintf.c.obj                  90     0         0      
       autoinit.c.obj                 60     0         0      
       boot_cortex_m.c.obj            40     0         0      
       memccpy.c.obj                  34     0         0      
       copy_zero_init.c.obj           22     0         0      
       copy_decompress_none.c.obj     18     0         0      
       exit.c.obj                     4      0         0      
       pre_init.c.obj                 4      0         0      
    +--+------------------------------+------+---------+---------+
       Total:                         1306   17        0      
                                                              
    E:\ti\ccstheia151\ccs\tools\compiler\ti-cgt-armllvm_4.0.0.LTS\lib\armv6m-ti-none-eabi/libclang_rt.builtins.a
       muldf3.S.obj                   228    0         0      
       fixunsdfsi.S.obj               66     0         0      
       aeabi_uidivmod.S.obj           64     0         0      
       muldsi3.S.obj                  58     0         0      
       floatunsidf.S.obj              36     0         0      
       aeabi_memset.S.obj             26     0         0      
       aeabi_memcpy.S.obj             8      0         0      
       aeabi_div0.c.obj               2      0         0      
    +--+------------------------------+------+---------+---------+
       Total:                         488    0         0      
                                                              
       Stack:                         0      0         512    
       Linker Generated:              0      43        0      
    +--+------------------------------+------+---------+---------+
       Grand Total:                   3280   327       1033   


LINKER GENERATED COPY TABLES

__TI_cinit_table @ 00000e14 records: 2, size/record: 8, table size: 16
	.bss: load addr=00000e04, load size=00000008 bytes, run addr=20200000, run size=000001fa bytes, compression=zero_init
	.data: load addr=00000e0c, load size=00000007 bytes, run addr=202001fc, run size=00000010 bytes, compression=lzss


LINKER GENERATED HANDLER TABLE

__TI_handler_table @ 00000df8 records: 3, size/record: 4, table size: 12
	index: 0, handler: __TI_decompress_lzss
	index: 1, handler: __TI_decompress_none
	index: 2, handler: __TI_zero_init


GLOBAL SYMBOLS: SORTED ALPHABETICALLY BY Name 

address   name                          
-------   ----                          
000006d3  ADC0_IRQHandler               
000006d3  ADC1_IRQHandler               
000006d3  AES_IRQHandler                
202001fc  BTNTick                       
0000058d  BTN_getData                   
00000d90  C$$EXIT                       
000006d3  CANFD0_IRQHandler             
000006d3  DAC0_IRQHandler               
00000d6d  DL_Common_delayCycles         
000006d5  DL_DAC12_init                 
0000098d  DL_UART_init                  
00000d21  DL_UART_setClockConfig        
000006d3  DMA_IRQHandler                
000006d3  Default_Handler               
000006d3  GROUP0_IRQHandler             
000006d3  GROUP1_IRQHandler             
000006d3  HardFault_Handler             
000006d3  I2C0_IRQHandler               
000006d3  I2C1_IRQHandler               
000006d3  NMI_Handler                   
000006d3  PendSV_Handler                
000006d3  RTC_IRQHandler                
00000d89  Reset_Handler                 
000006d3  SPI0_IRQHandler               
000006d3  SPI1_IRQHandler               
000006d3  SVC_Handler                   
00000c6d  SYSCFG_DL_DAC12_init          
00000ad9  SYSCFG_DL_GPIO_init           
00000a19  SYSCFG_DL_SYSCTL_init         
00000bc5  SYSCFG_DL_SYSTICK_init        
0000084d  SYSCFG_DL_UART_0_init         
00000cd7  SYSCFG_DL_init                
00000a59  SYSCFG_DL_initPower           
000008bd  SysTick_Handler               
000006d3  TIMA0_IRQHandler              
000006d3  TIMA1_IRQHandler              
000006d3  TIMG0_IRQHandler              
000006d3  TIMG12_IRQHandler             
000006d3  TIMG6_IRQHandler              
000006d3  TIMG7_IRQHandler              
000006d3  TIMG8_IRQHandler              
20200208  Tick                          
000006d3  UART0_IRQHandler              
000006d3  UART1_IRQHandler              
00000bf5  UART2_IRQHandler              
000006d3  UART3_IRQHandler              
20208000  __STACK_END                   
00000200  __STACK_SIZE                  
00000000  __TI_ATRegion0_region_sz      
00000000  __TI_ATRegion0_src_addr       
00000000  __TI_ATRegion0_trg_addr       
00000000  __TI_ATRegion1_region_sz      
00000000  __TI_ATRegion1_src_addr       
00000000  __TI_ATRegion1_trg_addr       
00000000  __TI_ATRegion2_region_sz      
00000000  __TI_ATRegion2_src_addr       
00000000  __TI_ATRegion2_trg_addr       
00000e14  __TI_CINIT_Base               
00000e24  __TI_CINIT_Limit              
00000e24  __TI_CINIT_Warm               
00000df8  __TI_Handler_Table_Base       
00000e04  __TI_Handler_Table_Limit      
00000b15  __TI_auto_init_nobinit_nopinit
0000075d  __TI_decompress_lzss          
00000d33  __TI_decompress_none          
ffffffff  __TI_pprof_out_hndl           
000000c1  __TI_printfi_minimal          
ffffffff  __TI_prof_data_size           
ffffffff  __TI_prof_data_start          
00000000  __TI_static_base__            
00000d0b  __TI_zero_init_nomemset       
000009d5  __aeabi_d2uiz                 
000004a9  __aeabi_dmul                  
0000098b  __aeabi_idiv0                 
00000d61  __aeabi_memclr                
00000d61  __aeabi_memclr4               
00000d61  __aeabi_memclr8               
00000d81  __aeabi_memcpy                
00000d81  __aeabi_memcpy4               
00000d81  __aeabi_memcpy8               
00000d45  __aeabi_memset                
00000d45  __aeabi_memset4               
00000d45  __aeabi_memset8               
00000c91  __aeabi_ui2d                  
00000a99  __aeabi_uidiv                 
00000a99  __aeabi_uidivmod              
ffffffff  __binit__                     
000009d5  __fixunsdfsi                  
00000c91  __floatunsidf                 
UNDEFED   __mpu_init                    
000004a9  __muldf3                      
00000b51  __muldsi3                     
20207e00  __stack                       
20200000  __start___llvm_prf_bits       
20200000  __start___llvm_prf_cnts       
20200000  __stop___llvm_prf_bits        
20200000  __stop___llvm_prf_cnts        
00000c45  _c_int00_noargs               
UNDEFED   _system_post_cinit            
00000d8d  _system_pre_init              
00000d91  abort                         
ffffffff  binit                         
00000000  interruptVectors              
00000345  main                          
00000cb5  memccpy                       
00000639  memcpy                        
00000929  memset                        
20200000  ringBuff                      
00000b8d  sprintf                       
000007d9  tjc_send_string               
20200206  uart_data                     
00000c1d  writeRingBuff                 


GLOBAL SYMBOLS: SORTED BY Symbol Address 

address   name                          
-------   ----                          
00000000  __TI_ATRegion0_region_sz      
00000000  __TI_ATRegion0_src_addr       
00000000  __TI_ATRegion0_trg_addr       
00000000  __TI_ATRegion1_region_sz      
00000000  __TI_ATRegion1_src_addr       
00000000  __TI_ATRegion1_trg_addr       
00000000  __TI_ATRegion2_region_sz      
00000000  __TI_ATRegion2_src_addr       
00000000  __TI_ATRegion2_trg_addr       
00000000  __TI_static_base__            
00000000  interruptVectors              
000000c1  __TI_printfi_minimal          
00000200  __STACK_SIZE                  
00000345  main                          
000004a9  __aeabi_dmul                  
000004a9  __muldf3                      
0000058d  BTN_getData                   
00000639  memcpy                        
000006d3  ADC0_IRQHandler               
000006d3  ADC1_IRQHandler               
000006d3  AES_IRQHandler                
000006d3  CANFD0_IRQHandler             
000006d3  DAC0_IRQHandler               
000006d3  DMA_IRQHandler                
000006d3  Default_Handler               
000006d3  GROUP0_IRQHandler             
000006d3  GROUP1_IRQHandler             
000006d3  HardFault_Handler             
000006d3  I2C0_IRQHandler               
000006d3  I2C1_IRQHandler               
000006d3  NMI_Handler                   
000006d3  PendSV_Handler                
000006d3  RTC_IRQHandler                
000006d3  SPI0_IRQHandler               
000006d3  SPI1_IRQHandler               
000006d3  SVC_Handler                   
000006d3  TIMA0_IRQHandler              
000006d3  TIMA1_IRQHandler              
000006d3  TIMG0_IRQHandler              
000006d3  TIMG12_IRQHandler             
000006d3  TIMG6_IRQHandler              
000006d3  TIMG7_IRQHandler              
000006d3  TIMG8_IRQHandler              
000006d3  UART0_IRQHandler              
000006d3  UART1_IRQHandler              
000006d3  UART3_IRQHandler              
000006d5  DL_DAC12_init                 
0000075d  __TI_decompress_lzss          
000007d9  tjc_send_string               
0000084d  SYSCFG_DL_UART_0_init         
000008bd  SysTick_Handler               
00000929  memset                        
0000098b  __aeabi_idiv0                 
0000098d  DL_UART_init                  
000009d5  __aeabi_d2uiz                 
000009d5  __fixunsdfsi                  
00000a19  SYSCFG_DL_SYSCTL_init         
00000a59  SYSCFG_DL_initPower           
00000a99  __aeabi_uidiv                 
00000a99  __aeabi_uidivmod              
00000ad9  SYSCFG_DL_GPIO_init           
00000b15  __TI_auto_init_nobinit_nopinit
00000b51  __muldsi3                     
00000b8d  sprintf                       
00000bc5  SYSCFG_DL_SYSTICK_init        
00000bf5  UART2_IRQHandler              
00000c1d  writeRingBuff                 
00000c45  _c_int00_noargs               
00000c6d  SYSCFG_DL_DAC12_init          
00000c91  __aeabi_ui2d                  
00000c91  __floatunsidf                 
00000cb5  memccpy                       
00000cd7  SYSCFG_DL_init                
00000d0b  __TI_zero_init_nomemset       
00000d21  DL_UART_setClockConfig        
00000d33  __TI_decompress_none          
00000d45  __aeabi_memset                
00000d45  __aeabi_memset4               
00000d45  __aeabi_memset8               
00000d61  __aeabi_memclr                
00000d61  __aeabi_memclr4               
00000d61  __aeabi_memclr8               
00000d6d  DL_Common_delayCycles         
00000d81  __aeabi_memcpy                
00000d81  __aeabi_memcpy4               
00000d81  __aeabi_memcpy8               
00000d89  Reset_Handler                 
00000d8d  _system_pre_init              
00000d90  C$$EXIT                       
00000d91  abort                         
00000df8  __TI_Handler_Table_Base       
00000e04  __TI_Handler_Table_Limit      
00000e14  __TI_CINIT_Base               
00000e24  __TI_CINIT_Limit              
00000e24  __TI_CINIT_Warm               
20200000  __start___llvm_prf_bits       
20200000  __start___llvm_prf_cnts       
20200000  __stop___llvm_prf_bits        
20200000  __stop___llvm_prf_cnts        
20200000  ringBuff                      
202001fc  BTNTick                       
20200206  uart_data                     
20200208  Tick                          
20207e00  __stack                       
20208000  __STACK_END                   
ffffffff  __TI_pprof_out_hndl           
ffffffff  __TI_prof_data_size           
ffffffff  __TI_prof_data_start          
ffffffff  __binit__                     
ffffffff  binit                         
UNDEFED   __mpu_init                    
UNDEFED   _system_post_cinit            

[112 symbols]
