******************************************************************************
            TI ARM Clang Linker PC v4.0.0                      
******************************************************************************
>> Linked Wed Apr 16 17:13:29 2025

OUTPUT FILE NAME:   <01_RF_Amplifier.out>
ENTRY POINT SYMBOL: "_c_int00_noargs"  address: 00000a71


MEMORY CONFIGURATION

         name            origin    length      used     unused   attr    fill
----------------------  --------  ---------  --------  --------  ----  --------
  FLASH                 00000000   00020000  00000c20  0001f3e0  R  X
  SRAM                  20200000   00008000  0000040a  00007bf6  RW X
  BCR_CONFIG            41c00000   000000ff  00000000  000000ff  R   
  BSL_CONFIG            41c00100   00000080  00000000  00000080  R   


SEGMENT ALLOCATION MAP

run origin  load origin   length   init length attrs members
----------  ----------- ---------- ----------- ----- -------
00000000    00000000    00000c20   00000c20    r-x
  00000000    00000000    000000c0   000000c0    r-- .intvecs
  000000c0    000000c0    00000ae0   00000ae0    r-x .text
  00000ba0    00000ba0    00000050   00000050    r-- .rodata
  00000bf0    00000bf0    00000030   00000030    r-- .cinit
20200000    20200000    0000020c   00000000    rw-
  20200000    20200000    000001fa   00000000    rw- .bss
  202001fc    202001fc    00000010   00000000    rw- .data
20207e00    20207e00    00000200   00000000    rw-
  20207e00    20207e00    00000200   00000000    rw- .stack


SECTION ALLOCATION MAP

 output                                  attributes/
section   page    origin      length       input sections
--------  ----  ----------  ----------   ----------------
.intvecs   0    00000000    000000c0     
                  00000000    000000c0     startup_mspm0g350x_ticlang.o (.intvecs)

.text      0    000000c0    00000ae0     
                  000000c0    00000284     libc.a : _printfi.c.obj (.text:__TI_printfi_minimal)
                  00000344    00000104     RF_Amplifier.o (.text.main)
                  00000448    000000ac     BTN.o (.text.BTN_getData)
                  000004f4    0000009a     libc.a : memcpy16.S.obj (.text:memcpy)
                  0000058e    00000002     startup_mspm0g350x_ticlang.o (.text.Default_Handler)
                  00000590    00000088     driverlib.a : dl_dac12.o (.text.DL_DAC12_init)
                  00000618    0000007c     libc.a : copy_decompress_lzss.c.obj (.text:decompress:lzss)
                  00000694    00000074     tjc_usart_hmi.o (.text.tjc_send_string)
                  00000708    0000006c     Tick.o (.text.SysTick_Handler)
                  00000774    00000062     libc.a : memset16.S.obj (.text:memset)
                  000007d6    00000002     libclang_rt.builtins.a : aeabi_div0.c.obj (.text.__aeabi_idiv0)
                  000007d8    00000060     ti_msp_dl_config.o (.text.SYSCFG_DL_UART_0_init)
                  00000838    00000048     driverlib.a : dl_uart.o (.text.DL_UART_init)
                  00000880    00000040     ti_msp_dl_config.o (.text.SYSCFG_DL_SYSCTL_init)
                  000008c0    00000040     ti_msp_dl_config.o (.text.SYSCFG_DL_initPower)
                  00000900    00000040     libclang_rt.builtins.a : aeabi_uidivmod.S.obj (.text.__aeabi_uidivmod)
                  00000940    0000003c     ti_msp_dl_config.o (.text.SYSCFG_DL_GPIO_init)
                  0000097c    0000003c     libc.a : autoinit.c.obj (.text:__TI_auto_init_nobinit_nopinit)
                  000009b8    00000038            : sprintf.c.obj (.text.sprintf)
                  000009f0    00000030     ti_msp_dl_config.o (.text.SYSCFG_DL_SYSTICK_init)
                  00000a20    00000028     RF_Amplifier.o (.text.UART2_IRQHandler)
                  00000a48    00000028     tjc_usart_hmi.o (.text.writeRingBuff)
                  00000a70    00000028     libc.a : boot_cortex_m.c.obj (.text:_c_int00_noargs)
                  00000a98    00000024     ti_msp_dl_config.o (.text.SYSCFG_DL_DAC12_init)
                  00000abc    00000022     libc.a : memccpy.c.obj (.text.memccpy)
                  00000ade    0000001c     ti_msp_dl_config.o (.text.SYSCFG_DL_init)
                  00000afa    00000018     libc.a : sprintf.c.obj (.text._outs)
                  00000b12    00000016            : copy_zero_init.c.obj (.text:decompress:ZI:__TI_zero_init_nomemset)
                  00000b28    00000012     driverlib.a : dl_uart.o (.text.DL_UART_setClockConfig)
                  00000b3a    00000012     libc.a : copy_decompress_none.c.obj (.text:decompress:none)
                  00000b4c    0000000e     libclang_rt.builtins.a : aeabi_memset.S.obj (.text.__aeabi_memset)
                  00000b5a    0000000e     libc.a : _printfi.c.obj (.text.strlen)
                  00000b68    0000000c     libclang_rt.builtins.a : aeabi_memset.S.obj (.text.__aeabi_memclr)
                  00000b74    0000000a     driverlib.a : dl_common.o (.text.DL_Common_delayCycles)
                  00000b7e    0000000a     libc.a : sprintf.c.obj (.text._outc)
                  00000b88    00000008     libclang_rt.builtins.a : aeabi_memcpy.S.obj (.text.__aeabi_memcpy)
                  00000b90    00000004     startup_mspm0g350x_ticlang.o (.text.Reset_Handler)
                  00000b94    00000004     libc.a : pre_init.c.obj (.text._system_pre_init)
                  00000b98    00000004            : exit.c.obj (.text:abort)
                  00000b9c    00000004     --HOLE-- [fill = 0]

.cinit     0    00000bf0    00000030     
                  00000bf0    0000000c     (__TI_handler_table)
                  00000bfc    00000008     (.cinit..bss.load) [load image, compression = zero_init]
                  00000c04    00000007     (.cinit..data.load) [load image, compression = lzss]
                  00000c0b    00000001     --HOLE-- [fill = 0]
                  00000c0c    00000010     (__TI_cinit_table)
                  00000c1c    00000004     --HOLE-- [fill = 0]

.rodata    0    00000ba0    00000050     
                  00000ba0    00000020     ti_msp_dl_config.o (.rodata.gDAC12Config)
                  00000bc0    00000011     libc.a : _printfi.c.obj (.rodata.str1.153638888446227384661)
                  00000bd1    0000000f     RF_Amplifier.o (.rodata.str1.26350000814348619951)
                  00000be0    0000000a     ti_msp_dl_config.o (.rodata.gUART_0Config)
                  00000bea    00000002     ti_msp_dl_config.o (.rodata.gUART_0ClockConfig)
                  00000bec    00000004     --HOLE-- [fill = 0]

.init_array 
*          0    00000000    00000000     UNINITIALIZED

.binit     0    00000000    00000000     

.bss       0    20200000    000001fa     UNINITIALIZED
                  20200000    000001fa     (.common:ringBuff)

.data      0    202001fc    00000010     UNINITIALIZED
                  202001fc    0000000a     BTN.o (.data.BTNTick)
                  20200206    00000001     RF_Amplifier.o (.data.uart_data)
                  20200207    00000001     --HOLE--
                  20200208    00000004     Tick.o (.data.Tick)

.stack     0    20207e00    00000200     UNINITIALIZED
                  20207e00    00000004     libc.a : boot_cortex_m.c.obj (.stack)
                  20207e04    000001fc     --HOLE--

__llvm_prf_cnts 
*          0    20200000    00000000     UNINITIALIZED

__llvm_prf_bits 
*          0    20200000    00000000     UNINITIALIZED

MODULE SUMMARY

       Module                         code   ro data   rw data
       ------                         ----   -------   -------
    .\
       ti_msp_dl_config.o             396    44        0      
       RF_Amplifier.o                 300    15        1      
       startup_mspm0g350x_ticlang.o   6      192       0      
    +--+------------------------------+------+---------+---------+
       Total:                         702    251       1      
                                                              
    .\HARDWARE\BTN\
       BTN.o                          172    0         10     
    +--+------------------------------+------+---------+---------+
       Total:                         172    0         10     
                                                              
    .\HARDWARE\LCD\
       tjc_usart_hmi.o                156    0         506    
    +--+------------------------------+------+---------+---------+
       Total:                         156    0         506    
                                                              
    .\HARDWARE\TICK\
       Tick.o                         108    0         4      
    +--+------------------------------+------+---------+---------+
       Total:                         108    0         4      
                                                              
    E:/ti/SDK/mspm0_sdk_2_04_00_06/source/ti/driverlib/lib/ticlang/m0p/mspm0g1x0x_g3x0x/driverlib.a
       dl_dac12.o                     136    0         0      
       dl_uart.o                      90     0         0      
       dl_common.o                    10     0         0      
    +--+------------------------------+------+---------+---------+
       Total:                         236    0         0      
                                                              
    E:\ti\ccstheia151\ccs\tools\compiler\ti-cgt-armllvm_4.0.0.LTS\lib\armv6m-ti-none-eabi/c/libc.a
       _printfi.c.obj                 658    17        0      
       memcpy16.S.obj                 154    0         0      
       copy_decompress_lzss.c.obj     124    0         0      
       memset16.S.obj                 98     0         0      
       sprintf.c.obj                  90     0         0      
       autoinit.c.obj                 60     0         0      
       boot_cortex_m.c.obj            40     0         0      
       memccpy.c.obj                  34     0         0      
       copy_zero_init.c.obj           22     0         0      
       copy_decompress_none.c.obj     18     0         0      
       exit.c.obj                     4      0         0      
       pre_init.c.obj                 4      0         0      
    +--+------------------------------+------+---------+---------+
       Total:                         1306   17        0      
                                                              
    E:\ti\ccstheia151\ccs\tools\compiler\ti-cgt-armllvm_4.0.0.LTS\lib\armv6m-ti-none-eabi/libclang_rt.builtins.a
       aeabi_uidivmod.S.obj           64     0         0      
       aeabi_memset.S.obj             26     0         0      
       aeabi_memcpy.S.obj             8      0         0      
       aeabi_div0.c.obj               2      0         0      
    +--+------------------------------+------+---------+---------+
       Total:                         100    0         0      
                                                              
       Stack:                         0      0         512    
       Linker Generated:              0      43        0      
    +--+------------------------------+------+---------+---------+
       Grand Total:                   2780   311       1033   


LINKER GENERATED COPY TABLES

__TI_cinit_table @ 00000c0c records: 2, size/record: 8, table size: 16
	.bss: load addr=00000bfc, load size=00000008 bytes, run addr=20200000, run size=000001fa bytes, compression=zero_init
	.data: load addr=00000c04, load size=00000007 bytes, run addr=202001fc, run size=00000010 bytes, compression=lzss


LINKER GENERATED HANDLER TABLE

__TI_handler_table @ 00000bf0 records: 3, size/record: 4, table size: 12
	index: 0, handler: __TI_decompress_lzss
	index: 1, handler: __TI_decompress_none
	index: 2, handler: __TI_zero_init


GLOBAL SYMBOLS: SORTED ALPHABETICALLY BY Name 

address   name                          
-------   ----                          
0000058f  ADC0_IRQHandler               
0000058f  ADC1_IRQHandler               
0000058f  AES_IRQHandler                
202001fc  BTNTick                       
00000449  BTN_getData                   
00000b98  C$$EXIT                       
0000058f  CANFD0_IRQHandler             
0000058f  DAC0_IRQHandler               
00000b75  DL_Common_delayCycles         
00000591  DL_DAC12_init                 
00000839  DL_UART_init                  
00000b29  DL_UART_setClockConfig        
0000058f  DMA_IRQHandler                
0000058f  Default_Handler               
0000058f  GROUP0_IRQHandler             
0000058f  GROUP1_IRQHandler             
0000058f  HardFault_Handler             
0000058f  I2C0_IRQHandler               
0000058f  I2C1_IRQHandler               
0000058f  NMI_Handler                   
0000058f  PendSV_Handler                
0000058f  RTC_IRQHandler                
00000b91  Reset_Handler                 
0000058f  SPI0_IRQHandler               
0000058f  SPI1_IRQHandler               
0000058f  SVC_Handler                   
00000a99  SYSCFG_DL_DAC12_init          
00000941  SYSCFG_DL_GPIO_init           
00000881  SYSCFG_DL_SYSCTL_init         
000009f1  SYSCFG_DL_SYSTICK_init        
000007d9  SYSCFG_DL_UART_0_init         
00000adf  SYSCFG_DL_init                
000008c1  SYSCFG_DL_initPower           
00000709  SysTick_Handler               
0000058f  TIMA0_IRQHandler              
0000058f  TIMA1_IRQHandler              
0000058f  TIMG0_IRQHandler              
0000058f  TIMG12_IRQHandler             
0000058f  TIMG6_IRQHandler              
0000058f  TIMG7_IRQHandler              
0000058f  TIMG8_IRQHandler              
20200208  Tick                          
0000058f  UART0_IRQHandler              
0000058f  UART1_IRQHandler              
00000a21  UART2_IRQHandler              
0000058f  UART3_IRQHandler              
20208000  __STACK_END                   
00000200  __STACK_SIZE                  
00000000  __TI_ATRegion0_region_sz      
00000000  __TI_ATRegion0_src_addr       
00000000  __TI_ATRegion0_trg_addr       
00000000  __TI_ATRegion1_region_sz      
00000000  __TI_ATRegion1_src_addr       
00000000  __TI_ATRegion1_trg_addr       
00000000  __TI_ATRegion2_region_sz      
00000000  __TI_ATRegion2_src_addr       
00000000  __TI_ATRegion2_trg_addr       
00000c0c  __TI_CINIT_Base               
00000c1c  __TI_CINIT_Limit              
00000c1c  __TI_CINIT_Warm               
00000bf0  __TI_Handler_Table_Base       
00000bfc  __TI_Handler_Table_Limit      
0000097d  __TI_auto_init_nobinit_nopinit
00000619  __TI_decompress_lzss          
00000b3b  __TI_decompress_none          
ffffffff  __TI_pprof_out_hndl           
000000c1  __TI_printfi_minimal          
ffffffff  __TI_prof_data_size           
ffffffff  __TI_prof_data_start          
00000000  __TI_static_base__            
00000b13  __TI_zero_init_nomemset       
000007d7  __aeabi_idiv0                 
00000b69  __aeabi_memclr                
00000b69  __aeabi_memclr4               
00000b69  __aeabi_memclr8               
00000b89  __aeabi_memcpy                
00000b89  __aeabi_memcpy4               
00000b89  __aeabi_memcpy8               
00000b4d  __aeabi_memset                
00000b4d  __aeabi_memset4               
00000b4d  __aeabi_memset8               
00000901  __aeabi_uidiv                 
00000901  __aeabi_uidivmod              
ffffffff  __binit__                     
UNDEFED   __mpu_init                    
20207e00  __stack                       
20200000  __start___llvm_prf_bits       
20200000  __start___llvm_prf_cnts       
20200000  __stop___llvm_prf_bits        
20200000  __stop___llvm_prf_cnts        
00000a71  _c_int00_noargs               
UNDEFED   _system_post_cinit            
00000b95  _system_pre_init              
00000b99  abort                         
ffffffff  binit                         
00000000  interruptVectors              
00000345  main                          
00000abd  memccpy                       
000004f5  memcpy                        
00000775  memset                        
20200000  ringBuff                      
000009b9  sprintf                       
00000695  tjc_send_string               
20200206  uart_data                     
00000a49  writeRingBuff                 


GLOBAL SYMBOLS: SORTED BY Symbol Address 

address   name                          
-------   ----                          
00000000  __TI_ATRegion0_region_sz      
00000000  __TI_ATRegion0_src_addr       
00000000  __TI_ATRegion0_trg_addr       
00000000  __TI_ATRegion1_region_sz      
00000000  __TI_ATRegion1_src_addr       
00000000  __TI_ATRegion1_trg_addr       
00000000  __TI_ATRegion2_region_sz      
00000000  __TI_ATRegion2_src_addr       
00000000  __TI_ATRegion2_trg_addr       
00000000  __TI_static_base__            
00000000  interruptVectors              
000000c1  __TI_printfi_minimal          
00000200  __STACK_SIZE                  
00000345  main                          
00000449  BTN_getData                   
000004f5  memcpy                        
0000058f  ADC0_IRQHandler               
0000058f  ADC1_IRQHandler               
0000058f  AES_IRQHandler                
0000058f  CANFD0_IRQHandler             
0000058f  DAC0_IRQHandler               
0000058f  DMA_IRQHandler                
0000058f  Default_Handler               
0000058f  GROUP0_IRQHandler             
0000058f  GROUP1_IRQHandler             
0000058f  HardFault_Handler             
0000058f  I2C0_IRQHandler               
0000058f  I2C1_IRQHandler               
0000058f  NMI_Handler                   
0000058f  PendSV_Handler                
0000058f  RTC_IRQHandler                
0000058f  SPI0_IRQHandler               
0000058f  SPI1_IRQHandler               
0000058f  SVC_Handler                   
0000058f  TIMA0_IRQHandler              
0000058f  TIMA1_IRQHandler              
0000058f  TIMG0_IRQHandler              
0000058f  TIMG12_IRQHandler             
0000058f  TIMG6_IRQHandler              
0000058f  TIMG7_IRQHandler              
0000058f  TIMG8_IRQHandler              
0000058f  UART0_IRQHandler              
0000058f  UART1_IRQHandler              
0000058f  UART3_IRQHandler              
00000591  DL_DAC12_init                 
00000619  __TI_decompress_lzss          
00000695  tjc_send_string               
00000709  SysTick_Handler               
00000775  memset                        
000007d7  __aeabi_idiv0                 
000007d9  SYSCFG_DL_UART_0_init         
00000839  DL_UART_init                  
00000881  SYSCFG_DL_SYSCTL_init         
000008c1  SYSCFG_DL_initPower           
00000901  __aeabi_uidiv                 
00000901  __aeabi_uidivmod              
00000941  SYSCFG_DL_GPIO_init           
0000097d  __TI_auto_init_nobinit_nopinit
000009b9  sprintf                       
000009f1  SYSCFG_DL_SYSTICK_init        
00000a21  UART2_IRQHandler              
00000a49  writeRingBuff                 
00000a71  _c_int00_noargs               
00000a99  SYSCFG_DL_DAC12_init          
00000abd  memccpy                       
00000adf  SYSCFG_DL_init                
00000b13  __TI_zero_init_nomemset       
00000b29  DL_UART_setClockConfig        
00000b3b  __TI_decompress_none          
00000b4d  __aeabi_memset                
00000b4d  __aeabi_memset4               
00000b4d  __aeabi_memset8               
00000b69  __aeabi_memclr                
00000b69  __aeabi_memclr4               
00000b69  __aeabi_memclr8               
00000b75  DL_Common_delayCycles         
00000b89  __aeabi_memcpy                
00000b89  __aeabi_memcpy4               
00000b89  __aeabi_memcpy8               
00000b91  Reset_Handler                 
00000b95  _system_pre_init              
00000b98  C$$EXIT                       
00000b99  abort                         
00000bf0  __TI_Handler_Table_Base       
00000bfc  __TI_Handler_Table_Limit      
00000c0c  __TI_CINIT_Base               
00000c1c  __TI_CINIT_Limit              
00000c1c  __TI_CINIT_Warm               
20200000  __start___llvm_prf_bits       
20200000  __start___llvm_prf_cnts       
20200000  __stop___llvm_prf_bits        
20200000  __stop___llvm_prf_cnts        
20200000  ringBuff                      
202001fc  BTNTick                       
20200206  uart_data                     
20200208  Tick                          
20207e00  __stack                       
20208000  __STACK_END                   
ffffffff  __TI_pprof_out_hndl           
ffffffff  __TI_prof_data_size           
ffffffff  __TI_prof_data_start          
ffffffff  __binit__                     
ffffffff  binit                         
UNDEFED   __mpu_init                    
UNDEFED   _system_post_cinit            

[105 symbols]
